
> pm-frontend@0.1.0 test
> vitest --run


[7m[1m[36m RUN [39m[22m[27m [36mv1.6.1[39m [90mC:/Users/Dylan/Documents/Projects/project_management_api/frontend[39m

 [33m❯[39m src/test/Register.test.tsx [2m ([22m[2m0 test[22m[2m)[22m
 [32m✓[39m src/test/AuthFlow.test.tsx [2m ([22m[2m6 tests[22m[2m)[22m[90m 167[2mms[22m[39m
 [32m✓[39m src/test/LoadingStates.test.tsx [2m ([22m[2m7 tests[22m[2m)[22m[33m 771[2mms[22m[39m
 [32m✓[39m src/test/Login.test.tsx [2m ([22m[2m6 tests[22m[2m)[22m[33m 1228[2mms[22m[39m
 [33m❯[39m src/test/FormSubmission.test.tsx [2m ([22m[2m7 tests[22m [2m|[22m [31m1 failed[39m[2m)[22m[33m 2698[2mms[22m[39m
[31m   [33m❯[31m src/test/FormSubmission.test.tsx[2m > [22mProjectForm - Form Submission[2m > [22msubmits form with project name and description[39m
[31m     → expected "spy" to be called with arguments: [ '/projects/', ObjectContaining{…} ][90m

Received: 

[1m  1st spy call:

[22m[2m  Array [[22m
[32m-   "/projects/",[90m
[32m-   ObjectContaining {[90m
[31m+   "/projects",[90m
[31m+   Object {[90m
[31m+     "description": "Test Description",[90m
[2m      "name": "Test Project",[22m
[2m    },[22m
[2m  ][22m
[31m[90m

Number of calls: [1m1[22m
[31m

Ignored nodes: comments, script, style
[36m<html>[31m
  [36m<head />[31m
  [36m<body>[31m
    [36m<div>[31m
      [36m<form[31m
        [33mclass[31m=[32m"form"[31m
      [36m>[31m
        [36m<div>[31m
          [36m<label>[31m
            [0mProject Name[0m
          [36m</label>[31m
          [36m<input[31m
            [33mrequired[31m=[32m""[31m
            [33mtype[31m=[32m"text"[31m
            [33mvalue[31m=[32m"Test Project"[31m
          [36m/>[31m
        [36m</div>[31m
        [36m<div>[31m
          [36m<label>[31m
            [0mDescription[0m
          [36m</label>[31m
          [36m<textarea[31m
            [33mrows[31m=[32m"4"[31m
          [36m>[31m
            [0mTest Description[0m
          [36m</textarea>[31m
        [36m</div>[31m
        [36m<div[31m
          [33mclass[31m=[32m"form-actions"[31m
        [36m>[31m
          [36m<button[31m
            [33mtype[31m=[32m"submit"[31m
          [36m>[31m
            [0mCreate[0m
          [36m</button>[31m
          [36m<button[31m
            [33mtype[31m=[32m"button"[31m
          [36m>[31m
            [0mCancel[0m
          [36m</button>[31m
        [36m</div>[31m
      [36m</form>[31m
    [36m</div>[31m
  [36m</body>[31m
[36m</html>[31m[39m

[2m Test Files [22m [1m[31m2 failed[39m[22m[2m | [22m[1m[32m3 passed[39m[22m[90m (5)[39m
[2m      Tests [22m [1m[31m1 failed[39m[22m[2m | [22m[1m[32m25 passed[39m[22m[90m (26)[39m
[2m   Start at [22m 05:22:07
[2m   Duration [22m 4.13s[2m (transform 201ms, setup 1.46s, collect 546ms, tests 4.86s, environment 3.34s, prepare 774ms)[22m

